{
  "version": "1.5.0",
  "plugins_used": [
    {
      "name": "ArtifactoryDetector"
    },
    {
      "name": "AWSKeyDetector"
    },
    {
      "name": "AzureStorageKeyDetector"
    },
    {
      "name": "Base64HighEntropyString",
      "limit": 4.5
    },
    {
      "name": "BasicAuthDetector"
    },
    {
      "name": "CloudantDetector"
    },
    {
      "name": "DiscordBotTokenDetector"
    },
    {
      "name": "GitHubTokenDetector"
    },
    {
      "name": "GitLabTokenDetector"
    },
    {
      "name": "HexHighEntropyString",
      "limit": 3.0
    },
    {
      "name": "IbmCloudIamDetector"
    },
    {
      "name": "IbmCosHmacDetector"
    },
    {
      "name": "IPPublicDetector"
    },
    {
      "name": "JwtTokenDetector"
    },
    {
      "name": "KeywordDetector",
      "keyword_exclude": ""
    },
    {
      "name": "MailchimpDetector"
    },
    {
      "name": "NpmDetector"
    },
    {
      "name": "OpenAIDetector"
    },
    {
      "name": "PrivateKeyDetector"
    },
    {
      "name": "PypiTokenDetector"
    },
    {
      "name": "SendGridDetector"
    },
    {
      "name": "SlackDetector"
    },
    {
      "name": "SoftlayerDetector"
    },
    {
      "name": "SquareOAuthDetector"
    },
    {
      "name": "StripeDetector"
    },
    {
      "name": "TelegramBotTokenDetector"
    },
    {
      "name": "TwilioKeyDetector"
    }
  ],
  "filters_used": [
    {
      "path": "detect_secrets.filters.allowlist.is_line_allowlisted"
    },
    {
      "path": "detect_secrets.filters.common.is_ignored_due_to_verification_policies",
      "min_level": 2
    },
    {
      "path": "detect_secrets.filters.heuristic.is_indirect_reference"
    },
    {
      "path": "detect_secrets.filters.heuristic.is_likely_id_string"
    },
    {
      "path": "detect_secrets.filters.heuristic.is_lock_file"
    },
    {
      "path": "detect_secrets.filters.heuristic.is_not_alphanumeric_string"
    },
    {
      "path": "detect_secrets.filters.heuristic.is_potential_uuid"
    },
    {
      "path": "detect_secrets.filters.heuristic.is_prefixed_with_dollar_sign"
    },
    {
      "path": "detect_secrets.filters.heuristic.is_sequential_string"
    },
    {
      "path": "detect_secrets.filters.heuristic.is_swagger_file"
    },
    {
      "path": "detect_secrets.filters.heuristic.is_templated_secret"
    }
  ],
  "results": {
    "apps/mobile-flutter/.metadata": [
      {
        "type": "Hex High Entropy String",
        "filename": "apps/mobile-flutter/.metadata",
        "hashed_secret": "a4894ee78737dc77978fefda470ba4ae1d2ed435",
        "is_verified": false,
        "line_number": 7
      }
    ],
    "apps/mobile-flutter/ios/Runner.xcodeproj/xcshareddata/xcschemes/Runner.xcscheme": [
      {
        "type": "Hex High Entropy String",
        "filename": "apps/mobile-flutter/ios/Runner.xcodeproj/xcshareddata/xcschemes/Runner.xcscheme",
        "hashed_secret": "2b423f610b8fbcbec67aa344b423212b034d7a9d",
        "is_verified": false,
        "line_number": 17
      },
      {
        "type": "Hex High Entropy String",
        "filename": "apps/mobile-flutter/ios/Runner.xcodeproj/xcshareddata/xcschemes/Runner.xcscheme",
        "hashed_secret": "1dafb929f50242c553cb0555c2ea755b85516e69",
        "is_verified": false,
        "line_number": 64
      }
    ],
    "apps/mobile-flutter/macos/Runner.xcodeproj/xcshareddata/xcschemes/Runner.xcscheme": [
      {
        "type": "Hex High Entropy String",
        "filename": "apps/mobile-flutter/macos/Runner.xcodeproj/xcshareddata/xcschemes/Runner.xcscheme",
        "hashed_secret": "6d752e6f6971f2eb8bed637eef89a39eca0b638b",
        "is_verified": false,
        "line_number": 63
      }
    ],
    "infra/compose/docker-compose.yml": [
      {
        "type": "Secret Keyword",
        "filename": "infra/compose/docker-compose.yml",
        "hashed_secret": "9f14b5c0a23790e9e4cea512ad5ccfecdf60f652",
        "is_verified": false,
        "line_number": 10
      },
      {
        "type": "Secret Keyword",
        "filename": "infra/compose/docker-compose.yml",
        "hashed_secret": "84562d9ffab3f73edff7877fa50081a646e38c86",
        "is_verified": false,
        "line_number": 42
      }
    ]
  },
  "generated_at": "2026-05-26T06:22:32Z"
}
